main.c:114:6:traffic_lights_on	16	static
main.c:137:6:AT_SEND_RECEIVE	16	static
main.c:146:6:AT_CMGF_SEND_RECEIVE	16	static
main.c:156:6:AT_CNMI_SEND_RECEIVE	16	static
main.c:167:6:LEDS_ON	8	static
main.c:173:6:LEDS_OFF	8	static
main.c:185:5:main	8	static
main.c:271:6:SystemClock_Config	96	static
main.c:328:13:MX_USART1_UART_Init	8	static
main.c:363:13:MX_USART2_UART_Init	8	static
main.c:398:13:MX_GPIO_Init	40	static
main.c:430:6:HAL_UART_RxCpltCallback	16	static
main.c:474:6:StartDefaultTask	16	static
main.c:498:6:StartTask02	16	static
main.c:516:6:Answer	16	static
main.c:535:6:HAL_TIM_PeriodElapsedCallback	16	static
main.c:552:6:Error_Handler	4	static,ignoring_inline_asm
